// Jest Snapshot v1, https://goo.gl/fbAQLP

exports[`BoringSelect renders correctly 1`] = `
<div>
  <div
    className="form-group"
  >
    <label
      htmlFor="field name"
    >
      Field name
    </label>
    <select
      className="form-control"
      id="field name"
      onChange={[Function]}
      value="red"
    >
      <option
        value={null}
      >
        none
      </option>
      <option
        value="pink"
      >
        pink
      </option>
      <option
        value="silver"
      >
        silver
      </option>
      <option
        value="gold"
      >
        gold
      </option>
      <option
        value="black"
      >
        black
      </option>
      <option
        value="brown"
      >
        brown
      </option>
      <option
        value="red"
      >
        red
      </option>
      <option
        value="orange"
      >
        orange
      </option>
      <option
        value="yellow"
      >
        yellow
      </option>
      <option
        value="green"
      >
        green
      </option>
      <option
        value="blue"
      >
        blue
      </option>
      <option
        value="violet"
      >
        violet
      </option>
      <option
        value="gray"
      >
        gray
      </option>
      <option
        value="white"
      >
        white
      </option>
    </select>
  </div>
</div>
`;
